2025-05-02T22:04:02.444+09:00  INFO 22004 --- [sblib] [main] com.sb.sblib.mapper.AccountMapperTest    : Starting AccountMapperTest using Java 21.0.6 with PID 22004 (started by harth in C:\10_local\60_github\sbwap\sblib)
2025-05-02T22:04:02.445+09:00  INFO 22004 --- [sblib] [main] com.sb.sblib.mapper.AccountMapperTest    : No active profile set, falling back to 1 default profile: "default"
2025-05-02T22:04:03.527+09:00  INFO 22004 --- [sblib] [main] .s.d.r.c.RepositoryConfigurationDelegate : Multiple Spring Data modules found, entering strict repository configuration mode
2025-05-02T22:04:03.532+09:00  INFO 22004 --- [sblib] [main] .s.d.r.c.RepositoryConfigurationDelegate : Bootstrapping Spring Data Redis repositories in DEFAULT mode.
2025-05-02T22:04:03.579+09:00  INFO 22004 --- [sblib] [main] .s.d.r.c.RepositoryConfigurationDelegate : Finished Spring Data repository scanning in 13 ms. Found 0 Redis repository interfaces.
2025-05-02T22:04:04.252+09:00  INFO 22004 --- [sblib] [main] com.zaxxer.hikari.HikariDataSource       : HikariPool-1 - Starting...
2025-05-02T22:04:04.497+09:00  INFO 22004 --- [sblib] [main] com.zaxxer.hikari.pool.HikariPool        : HikariPool-1 - Added connection conn0: url=jdbc:h2:~/test user=SA
2025-05-02T22:04:04.499+09:00  INFO 22004 --- [sblib] [main] com.zaxxer.hikari.HikariDataSource       : HikariPool-1 - Start completed.
2025-05-02T22:04:04.901+09:00  INFO 22004 --- [sblib] [main] r$InitializeUserDetailsManagerConfigurer : Global AuthenticationManager configured with UserDetailsService bean with name customUserDetailsService
2025-05-02T22:04:05.635+09:00  WARN 22004 --- [sblib] [main] ion$DefaultTemplateResolverConfiguration : Cannot find template location: classpath:/templates/ (please add some templates, check your Thymeleaf configuration, or set spring.thymeleaf.check-template-location=false)
2025-05-02T22:04:06.204+09:00  INFO 22004 --- [sblib] [main] o.s.b.a.h2.H2ConsoleAutoConfiguration    : H2 console available at '/h2-console'. Database available at 'jdbc:h2:~/test'
2025-05-02T22:04:06.882+09:00  INFO 22004 --- [sblib] [main] com.sb.sblib.mapper.AccountMapperTest    : Started AccountMapperTest in 4.804 seconds (process running for 5.768)
2025-05-02T22:04:08.082+09:00  INFO 22004 --- [sblib] [SpringApplicationShutdownHook] com.zaxxer.hikari.HikariDataSource       : HikariPool-1 - Shutdown initiated...
2025-05-02T22:04:08.086+09:00  INFO 22004 --- [sblib] [SpringApplicationShutdownHook] com.zaxxer.hikari.HikariDataSource       : HikariPool-1 - Shutdown completed.
2025-05-02T22:04:40.185+09:00  INFO 19752 --- [sblib] [main] com.sb.sblib.mapper.AccountMapperTest    : Starting AccountMapperTest using Java 21.0.6 with PID 19752 (started by harth in C:\10_local\60_github\sbwap\sblib)
2025-05-02T22:04:40.188+09:00  INFO 19752 --- [sblib] [main] com.sb.sblib.mapper.AccountMapperTest    : No active profile set, falling back to 1 default profile: "default"
2025-05-02T22:04:41.585+09:00  INFO 19752 --- [sblib] [main] .s.d.r.c.RepositoryConfigurationDelegate : Multiple Spring Data modules found, entering strict repository configuration mode
2025-05-02T22:04:41.587+09:00  INFO 19752 --- [sblib] [main] .s.d.r.c.RepositoryConfigurationDelegate : Bootstrapping Spring Data Redis repositories in DEFAULT mode.
2025-05-02T22:04:41.614+09:00  INFO 19752 --- [sblib] [main] .s.d.r.c.RepositoryConfigurationDelegate : Finished Spring Data repository scanning in 8 ms. Found 0 Redis repository interfaces.
2025-05-02T22:04:42.239+09:00  INFO 19752 --- [sblib] [main] com.zaxxer.hikari.HikariDataSource       : HikariPool-1 - Starting...
2025-05-02T22:04:42.583+09:00  INFO 19752 --- [sblib] [main] com.zaxxer.hikari.pool.HikariPool        : HikariPool-1 - Added connection conn0: url=jdbc:h2:~/test user=SA
2025-05-02T22:04:42.586+09:00  INFO 19752 --- [sblib] [main] com.zaxxer.hikari.HikariDataSource       : HikariPool-1 - Start completed.
2025-05-02T22:04:43.411+09:00  INFO 19752 --- [sblib] [main] r$InitializeUserDetailsManagerConfigurer : Global AuthenticationManager configured with UserDetailsService bean with name customUserDetailsService
2025-05-02T22:04:44.548+09:00  WARN 19752 --- [sblib] [main] ion$DefaultTemplateResolverConfiguration : Cannot find template location: classpath:/templates/ (please add some templates, check your Thymeleaf configuration, or set spring.thymeleaf.check-template-location=false)
2025-05-02T22:04:45.405+09:00  INFO 19752 --- [sblib] [main] o.s.b.a.h2.H2ConsoleAutoConfiguration    : H2 console available at '/h2-console'. Database available at 'jdbc:h2:~/test'
2025-05-02T22:04:46.492+09:00  INFO 19752 --- [sblib] [main] com.sb.sblib.mapper.AccountMapperTest    : Started AccountMapperTest in 6.813 seconds (process running for 8.36)
2025-05-02T22:04:47.849+09:00  INFO 19752 --- [sblib] [SpringApplicationShutdownHook] com.zaxxer.hikari.HikariDataSource       : HikariPool-1 - Shutdown initiated...
2025-05-02T22:04:47.872+09:00  INFO 19752 --- [sblib] [SpringApplicationShutdownHook] com.zaxxer.hikari.HikariDataSource       : HikariPool-1 - Shutdown completed.
